// Vitest Snapshot v1, https://vitest.dev/guide/snapshot.html

exports[`AppFooter.vue > render NetflixLogo component 1`] = `""`;
